1785097425.016339 client started (79631): version 3.7b, socket /private/tmp/tmux-501/default, protocol 8
1785097425.016443 on Darwin 25.5.0 Darwin Kernel Version 25.5.0: Mon Apr 27 20:39:09 PDT 2026; root:xnu-12377.121.6~2/RELEASE_ARM64_T6020
1785097425.016457 using libevent 2.1.13-stable select
1785097425.017063 using utf8proc 2.11.3
1785097425.017089 using ncurses 6.6 20251230
1785097425.017111 flags are 0x10010000
1785097425.017121 socket is /private/tmp/tmux-501/default
1785097425.017136 trying connect
1785097425.017175 add peer 0x100bd6840: 6 (0x0)
1785097425.019707 sending message 111 to peer 0x100bd6840 (8 bytes)
1785097425.019748 sending message 111 to peer 0x100bd6840 (8 bytes)
1785097425.019761 sending message 101 to peer 0x100bd6840 (16 bytes)
1785097425.019770 sending message 109 to peer 0x100bd6840 (4 bytes)
1785097425.019779 sending message 102 to peer 0x100bd6840 (13 bytes)
1785097425.019787 sending message 108 to peer 0x100bd6840 (38 bytes)
1785097425.019799 sending message 112 to peer 0x100bd6840 (70 bytes)
1785097425.019810 sending message 112 to peer 0x100bd6840 (5 bytes)
1785097425.019818 sending message 112 to peer 0x100bd6840 (5 bytes)
1785097425.019826 sending message 112 to peer 0x100bd6840 (6 bytes)
1785097425.019833 sending message 112 to peer 0x100bd6840 (6 bytes)
1785097425.019841 sending message 112 to peer 0x100bd6840 (11 bytes)
1785097425.019849 sending message 112 to peer 0x100bd6840 (10 bytes)
1785097425.019857 sending message 112 to peer 0x100bd6840 (13 bytes)
1785097425.019864 sending message 112 to peer 0x100bd6840 (13 bytes)
1785097425.019872 sending message 112 to peer 0x100bd6840 (18 bytes)
1785097425.019882 sending message 112 to peer 0x100bd6840 (11 bytes)
1785097425.019892 sending message 112 to peer 0x100bd6840 (21 bytes)
1785097425.019899 sending message 112 to peer 0x100bd6840 (13 bytes)
1785097425.019907 sending message 112 to peer 0x100bd6840 (7 bytes)
1785097425.019914 sending message 112 to peer 0x100bd6840 (13 bytes)
1785097425.019921 sending message 112 to peer 0x100bd6840 (7 bytes)
1785097425.019929 sending message 112 to peer 0x100bd6840 (13 bytes)
1785097425.019936 sending message 112 to peer 0x100bd6840 (9 bytes)
1785097425.019943 sending message 112 to peer 0x100bd6840 (21 bytes)
1785097425.019950 sending message 112 to peer 0x100bd6840 (13 bytes)
1785097425.019958 sending message 112 to peer 0x100bd6840 (8 bytes)
1785097425.019965 sending message 112 to peer 0x100bd6840 (12 bytes)
1785097425.019972 sending message 112 to peer 0x100bd6840 (13 bytes)
1785097425.019979 sending message 112 to peer 0x100bd6840 (9 bytes)
1785097425.019986 sending message 112 to peer 0x100bd6840 (9 bytes)
1785097425.019993 sending message 112 to peer 0x100bd6840 (12 bytes)
1785097425.020000 sending message 112 to peer 0x100bd6840 (8 bytes)
1785097425.020007 sending message 112 to peer 0x100bd6840 (7 bytes)
1785097425.020015 sending message 112 to peer 0x100bd6840 (7 bytes)
1785097425.020022 sending message 112 to peer 0x100bd6840 (9 bytes)
1785097425.020029 sending message 112 to peer 0x100bd6840 (13 bytes)
1785097425.020036 sending message 112 to peer 0x100bd6840 (9 bytes)
1785097425.020043 sending message 112 to peer 0x100bd6840 (13 bytes)
1785097425.020051 sending message 112 to peer 0x100bd6840 (12 bytes)
1785097425.020058 sending message 112 to peer 0x100bd6840 (8 bytes)
1785097425.020065 sending message 112 to peer 0x100bd6840 (9 bytes)
1785097425.020072 sending message 112 to peer 0x100bd6840 (10 bytes)
1785097425.020079 sending message 112 to peer 0x100bd6840 (10 bytes)
1785097425.020086 sending message 112 to peer 0x100bd6840 (10 bytes)
1785097425.020094 sending message 112 to peer 0x100bd6840 (10 bytes)
1785097425.020101 sending message 112 to peer 0x100bd6840 (11 bytes)
1785097425.020108 sending message 112 to peer 0x100bd6840 (10 bytes)
1785097425.020115 sending message 112 to peer 0x100bd6840 (8 bytes)
1785097425.020122 sending message 112 to peer 0x100bd6840 (11 bytes)
1785097425.020130 sending message 112 to peer 0x100bd6840 (11 bytes)
1785097425.020137 sending message 112 to peer 0x100bd6840 (11 bytes)
1785097425.020174 sending message 112 to peer 0x100bd6840 (8 bytes)
1785097425.020181 sending message 112 to peer 0x100bd6840 (8 bytes)
1785097425.020187 sending message 112 to peer 0x100bd6840 (8 bytes)
1785097425.020192 sending message 112 to peer 0x100bd6840 (10 bytes)
1785097425.020198 sending message 112 to peer 0x100bd6840 (10 bytes)
1785097425.020203 sending message 112 to peer 0x100bd6840 (10 bytes)
1785097425.020208 sending message 112 to peer 0x100bd6840 (10 bytes)
1785097425.020214 sending message 112 to peer 0x100bd6840 (10 bytes)
1785097425.020219 sending message 112 to peer 0x100bd6840 (11 bytes)
1785097425.020224 sending message 112 to peer 0x100bd6840 (11 bytes)
1785097425.020230 sending message 112 to peer 0x100bd6840 (10 bytes)
1785097425.020235 sending message 112 to peer 0x100bd6840 (9 bytes)
1785097425.020241 sending message 112 to peer 0x100bd6840 (9 bytes)
1785097425.020246 sending message 112 to peer 0x100bd6840 (12 bytes)
1785097425.020251 sending message 112 to peer 0x100bd6840 (9 bytes)
1785097425.020256 sending message 112 to peer 0x100bd6840 (6 bytes)
1785097425.020262 sending message 112 to peer 0x100bd6840 (8 bytes)
1785097425.020267 sending message 112 to peer 0x100bd6840 (15 bytes)
1785097425.020272 sending message 112 to peer 0x100bd6840 (13 bytes)
1785097425.020278 sending message 112 to peer 0x100bd6840 (70 bytes)
1785097425.020283 sending message 112 to peer 0x100bd6840 (69 bytes)
1785097425.020289 sending message 112 to peer 0x100bd6840 (10 bytes)
1785097425.020294 sending message 112 to peer 0x100bd6840 (8 bytes)
1785097425.020300 sending message 112 to peer 0x100bd6840 (15 bytes)
1785097425.020305 sending message 112 to peer 0x100bd6840 (13 bytes)
1785097425.020310 sending message 112 to peer 0x100bd6840 (10 bytes)
1785097425.020316 sending message 112 to peer 0x100bd6840 (10 bytes)
1785097425.020321 sending message 112 to peer 0x100bd6840 (5 bytes)
1785097425.020326 sending message 112 to peer 0x100bd6840 (5 bytes)
1785097425.020334 sending message 104 to peer 0x100bd6840 (0 bytes)
1785097425.020340 sending message 110 to peer 0x100bd6840 (0 bytes)
1785097425.020345 sending message 107 to peer 0x100bd6840 (4 bytes)
1785097425.020350 sending message 105 to peer 0x100bd6840 (15 bytes)
1785097425.020355 sending message 105 to peer 0x100bd6840 (20 bytes)
1785097425.020361 sending message 105 to peer 0x100bd6840 (22 bytes)
1785097425.020366 sending message 105 to peer 0x100bd6840 (12 bytes)
1785097425.020371 sending message 105 to peer 0x100bd6840 (15 bytes)
1785097425.020376 sending message 105 to peer 0x100bd6840 (60 bytes)
1785097425.020382 sending message 105 to peer 0x100bd6840 (18 bytes)
1785097425.020387 sending message 105 to peer 0x100bd6840 (91 bytes)
1785097425.020392 sending message 105 to peer 0x100bd6840 (45 bytes)
1785097425.020398 sending message 105 to peer 0x100bd6840 (32 bytes)
1785097425.020403 sending message 105 to peer 0x100bd6840 (25 bytes)
1785097425.020408 sending message 105 to peer 0x100bd6840 (22 bytes)
1785097425.020414 sending message 105 to peer 0x100bd6840 (61 bytes)
1785097425.020419 sending message 105 to peer 0x100bd6840 (17 bytes)
1785097425.020424 sending message 105 to peer 0x100bd6840 (19 bytes)
1785097425.020430 sending message 105 to peer 0x100bd6840 (27 bytes)
1785097425.020435 sending message 105 to peer 0x100bd6840 (8 bytes)
1785097425.020440 sending message 105 to peer 0x100bd6840 (21 bytes)
1785097425.020446 sending message 105 to peer 0x100bd6840 (32 bytes)
1785097425.020455 sending message 105 to peer 0x100bd6840 (96 bytes)
1785097425.020462 sending message 105 to peer 0x100bd6840 (45 bytes)
1785097425.020467 sending message 105 to peer 0x100bd6840 (18 bytes)
1785097425.020473 sending message 105 to peer 0x100bd6840 (12 bytes)
1785097425.020478 sending message 105 to peer 0x100bd6840 (11 bytes)
1785097425.020484 sending message 105 to peer 0x100bd6840 (1612 bytes)
1785097425.020490 sending message 105 to peer 0x100bd6840 (42 bytes)
1785097425.020495 sending message 105 to peer 0x100bd6840 (15 bytes)
1785097425.020501 sending message 105 to peer 0x100bd6840 (8 bytes)
1785097425.020518 sending message 105 to peer 0x100bd6840 (82 bytes)
1785097425.020524 sending message 105 to peer 0x100bd6840 (62 bytes)
1785097425.020530 sending message 105 to peer 0x100bd6840 (21 bytes)
1785097425.020715 sending message 105 to peer 0x100bd6840 (86 bytes)
1785097425.020743 sending message 105 to peer 0x100bd6840 (45 bytes)
1785097425.020752 sending message 105 to peer 0x100bd6840 (18 bytes)
1785097425.020759 sending message 105 to peer 0x100bd6840 (26 bytes)
1785097425.020765 sending message 105 to peer 0x100bd6840 (60 bytes)
1785097425.020771 sending message 105 to peer 0x100bd6840 (57 bytes)
1785097425.020827 sending message 105 to peer 0x100bd6840 (43 bytes)
1785097425.020836 sending message 105 to peer 0x100bd6840 (14 bytes)
1785097425.020843 sending message 105 to peer 0x100bd6840 (60 bytes)
1785097425.020849 sending message 105 to peer 0x100bd6840 (18 bytes)
1785097425.020998 sending message 105 to peer 0x100bd6840 (14 bytes)
1785097425.021061 sending message 105 to peer 0x100bd6840 (19 bytes)
1785097425.021070 sending message 105 to peer 0x100bd6840 (47 bytes)
1785097425.021076 sending message 105 to peer 0x100bd6840 (73 bytes)
1785097425.021082 sending message 105 to peer 0x100bd6840 (35 bytes)
1785097425.021088 sending message 105 to peer 0x100bd6840 (47 bytes)
1785097425.021093 sending message 105 to peer 0x100bd6840 (30 bytes)
1785097425.021099 sending message 105 to peer 0x100bd6840 (26 bytes)
1785097425.021104 sending message 105 to peer 0x100bd6840 (22 bytes)
1785097425.021110 sending message 105 to peer 0x100bd6840 (83 bytes)
1785097425.021115 sending message 105 to peer 0x100bd6840 (43 bytes)
1785097425.021121 sending message 105 to peer 0x100bd6840 (32 bytes)
1785097425.021126 sending message 105 to peer 0x100bd6840 (31 bytes)
1785097425.021131 sending message 105 to peer 0x100bd6840 (10 bytes)
1785097425.021137 sending message 105 to peer 0x100bd6840 (12 bytes)
1785097425.021142 sending message 105 to peer 0x100bd6840 (25 bytes)
1785097425.021147 sending message 106 to peer 0x100bd6840 (0 bytes)
1785097425.021465 sending message 200 to peer 0x100bd6840 (4 bytes)
1785097425.021496 client loop enter
1785097425.021677 peer 0x100bd6840 message 303
1785097425.021692 open write file 2 -
1785097425.021706 sending message 305 to peer 0x100bd6840 (8 bytes)
1785097425.021716 write check file 2
1785097425.021741 peer 0x100bd6840 message 304
1785097425.021748 write 58 to file 2
1785097425.021752 peer 0x100bd6840 message 203
1785097425.021756 file 2 58 bytes left
1785097425.021766 write check file 2
1785097425.021770 client loop exit
